// Jest Snapshot v1, https://goo.gl/fbAQLP

exports[`FancyTitle renders correctly 1`] = `
<div>
  <h2
    aria-label="photography"
  >
    <span
      style="color: rgb(51, 105, 232);"
    >
      photo
    </span>
    graphy
  </h2>
</div>
`;
